// Vitest Snapshot v1, https://vitest.dev/guide/snapshot.html

exports[`Button component > renders correctly 1`] = `
<div>
  <button>
    button
  </button>
</div>
`;
