// Vitest Snapshot v1, https://vitest.dev/guide/snapshot.html

exports[`Cart component > Renders Cart component correctly 1`] = `<div />`;
