// Vitest Snapshot v1, https://vitest.dev/guide/snapshot.html

exports[`Dropdown component > Renders Dropdown correctly 1`] = `
<div>
  <div
    role="dropdownContainer"
  >
    <div>
      <button
        role="filter"
      >
        Sort by...
      </button>
    </div>
  </div>
</div>
`;
