// Vitest Snapshot v1, https://vitest.dev/guide/snapshot.html

exports[`FadeInImage component > render FadeInImage correctly 1`] = `
<div>
  <div />
</div>
`;
