// Vitest Snapshot v1, https://vitest.dev/guide/snapshot.html

exports[`MainPage > renders MainPage component correctly 1`] = `
<div>
  <p
    role="loader"
  >
    Loading...
  </p>
</div>
`;
