// Vitest Snapshot v1, https://vitest.dev/guide/snapshot.html

exports[`Modal component > renders Modal correctly 1`] = `
<div>
  <div />
</div>
`;
