// Vitest Snapshot v1, https://vitest.dev/guide/snapshot.html

exports[`Navbar > renders navbar correctly 1`] = `
<nav
  class="sc-beySPh dJGvpt"
>
  <ol>
    <li>
      <a
        href="/"
      >
        Home
      </a>
    </li>
    <li>
      <a
        href="/products"
      >
        Products
      </a>
    </li>
    <li>
      <a
        href="/about"
      >
        Cart
      </a>
    </li>
  </ol>
</nav>
`;
